[2026-01-02 09:57:26] [    INFO] TrueBlue: === TrueBlue APP spuštěn ===
[2026-01-02 09:57:26] [ WARNING] discord.client: PyNaCl is not installed, voice will NOT be supported
[2026-01-02 09:57:26] [   ERROR] __main__: DISCORD_TOKEN nebyl nalezen v environment proměnných!
[2026-01-02 09:59:42] [    INFO] TrueBlue: === TrueBlue APP spuštěn ===
[2026-01-02 09:59:42] [ WARNING] discord.client: PyNaCl is not installed, voice will NOT be supported
[2026-01-02 09:59:42] [   ERROR] __main__: DISCORD_TOKEN nebyl nalezen v environment proměnných!
[2026-01-02 10:00:57] [    INFO] TrueBlue: === TrueBlue APP spuštěn ===
[2026-01-02 10:00:57] [ WARNING] discord.client: PyNaCl is not installed, voice will NOT be supported
[2026-01-02 10:00:57] [   ERROR] __main__: DISCORD_TOKEN nebyl nalezen v environment proměnných!
[2026-01-02 10:01:17] [    INFO] TrueBlue: === TrueBlue APP spuštěn ===
[2026-01-02 10:01:17] [   ERROR] __main__: DISCORD_TOKEN nebyl nalezen v environment proměnných!
[2026-01-02 10:02:10] [    INFO] VeltrixAPP: === Veltrix APP spuštěn ===
[2026-01-02 10:02:10] [   ERROR] __main__: DISCORD_TOKEN nebyl nalezen v environment proměnných!
[2026-01-02 10:02:32] [    INFO] VeltrixAPP: === Veltrix APP spuštěn ===
[2026-01-02 10:02:32] [   ERROR] __main__: DISCORD_TOKEN nebyl nalezen v environment proměnných!
[2026-01-02 10:02:36] [    INFO] VeltrixAPP: === Veltrix APP spuštěn ===
[2026-01-02 10:02:36] [   ERROR] __main__: DISCORD_TOKEN nebyl nalezen v environment proměnných!
[2026-01-02 10:04:49] [    INFO] VeltrixAPP: === Veltrix APP spuštěn ===
[2026-01-02 10:04:49] [   ERROR] __main__: TOKEN nebyl nalezen v environment proměnných!
[2026-01-02 10:05:28] [    INFO] VeltrixAPP: === Veltrix APP spuštěn ===
[2026-01-02 10:05:28] [   ERROR] database: Chyba při inicializaci databáze: unable to open database file
[2026-01-02 10:05:28] [   ERROR] __main__: Chyba při spuštění bota: unable to open database file
[2026-01-02 10:05:29] [   ERROR] asyncio: Unclosed connector
connections: ['deque([(<aiohttp.client_proto.ResponseHandler object at 0x76ef4cb5b830>, 5340.996648101)])']
connector: <aiohttp.connector.TCPConnector object at 0x76ef4cb5e120>
[2026-01-02 10:06:04] [    INFO] VeltrixAPP: === Veltrix APP spuštěn ===
[2026-01-02 10:06:05] [   ERROR] database: Chyba při inicializaci databáze: unable to open database file
[2026-01-02 10:06:05] [   ERROR] __main__: Chyba při spuštění bota: unable to open database file
[2026-01-02 10:06:05] [   ERROR] asyncio: Unclosed connector
connections: ['deque([(<aiohttp.client_proto.ResponseHandler object at 0x714f076df7d0>, 5377.246921337)])']
connector: <aiohttp.connector.TCPConnector object at 0x714f076e2120>
[2026-01-02 10:06:09] [    INFO] VeltrixAPP: === Veltrix APP spuštěn ===
[2026-01-02 10:06:10] [   ERROR] database: Chyba při inicializaci databáze: unable to open database file
[2026-01-02 10:06:10] [   ERROR] __main__: Chyba při spuštění bota: unable to open database file
[2026-01-02 10:06:10] [   ERROR] asyncio: Unclosed connector
connections: ['deque([(<aiohttp.client_proto.ResponseHandler object at 0x75becbfd37d0>, 5382.059564983)])']
connector: <aiohttp.connector.TCPConnector object at 0x75becbfd6120>
[2026-01-02 10:07:06] [    INFO] VeltrixAPP: === Veltrix APP spuštěn ===
[2026-01-02 10:07:08] [    INFO] database: Databáze inicializována
[2026-01-02 10:07:08] [    INFO] __main__: Načten cog: cogs.moderation
[2026-01-02 10:07:08] [    INFO] __main__: Načten cog: cogs.automod
[2026-01-02 10:07:08] [   ERROR] __main__: Chyba při načítání cog cogs.tickets: Extension 'cogs.tickets' raised an error: NameError: name 'discord' is not defined
[2026-01-02 10:07:08] [    INFO] __main__: Načten cog: cogs.mdt
[2026-01-02 10:07:08] [    INFO] __main__: Načten cog: cogs.utility
[2026-01-02 10:07:21] [    INFO] VeltrixAPP: === Veltrix APP spuštěn ===
[2026-01-02 10:07:22] [    INFO] database: Databáze inicializována
[2026-01-02 10:07:22] [    INFO] __main__: Načten cog: cogs.moderation
[2026-01-02 10:07:22] [    INFO] __main__: Načten cog: cogs.automod
[2026-01-02 10:07:22] [   ERROR] __main__: Chyba při načítání cog cogs.tickets: Extension 'cogs.tickets' raised an error: NameError: name 'discord' is not defined
[2026-01-02 10:07:22] [    INFO] __main__: Načten cog: cogs.mdt
[2026-01-02 10:07:22] [    INFO] __main__: Načten cog: cogs.utility
[2026-01-02 10:07:25] [    INFO] __main__: Veltrix BOT#6033 je připojen a připraven!
[2026-01-02 10:07:25] [    INFO] __main__: Owners: {1351593857346834505, 903247584192241694}
[2026-01-02 10:07:26] [    INFO] __main__: Synchronizováno 30 slash příkazů
[2026-01-02 10:13:07] [   ERROR] discord.ui.view: Ignoring exception in view <MDTView timeout=None children=1> for item <Button style=<ButtonStyle.primary: 1> url=None disabled=False label='📝 Vytvořit občanku' emoji=None row=None sku_id=None id=None>
Traceback (most recent call last):
  File "/var/data/python/lib/python3.13/site-packages/discord/ui/view.py", line 555, in _scheduled_task
    await item.callback(interaction)
  File "/home/popelka/Videos/veltrix-bot/Veltrix-Bot/cogs/mdt.py", line 224, in create_citizen
    await interaction.response.send_modal(CitizenModal(self.bot))
  File "/var/data/python/lib/python3.13/site-packages/discord/interactions.py", line 1273, in send_modal
    response = await adapter.create_interaction_response(
               ^^^^^^^^^^^^^^^^^^^^^^^^^^^^^^^^^^^^^^^^^^
    ...<6 lines>...
    )
    ^
  File "/var/data/python/lib/python3.13/site-packages/discord/webhook/async_.py", line 226, in request
    raise HTTPException(response, data)
discord.errors.HTTPException: 400 Bad Request (error code: 50035): Invalid Form Body
In data.components.2.components.0: Value of field "type" must be one of (4,).
[2026-01-02 10:16:59] [    INFO] VeltrixAPP: === Veltrix APP spuštěn ===
[2026-01-02 10:17:00] [    INFO] database: Databáze inicializována
[2026-01-02 10:17:00] [    INFO] __main__: Načten cog: cogs.moderation
[2026-01-02 10:17:00] [    INFO] __main__: Načten cog: cogs.automod
[2026-01-02 10:17:00] [   ERROR] __main__: Chyba při načítání cog cogs.ticketsystem: Extension 'cogs.ticketsystem' could not be loaded or found.
[2026-01-02 10:17:00] [    INFO] __main__: Načten cog: cogs.mdt
[2026-01-02 10:17:00] [    INFO] __main__: Načten cog: cogs.utility
[2026-01-02 10:17:03] [    INFO] __main__: Veltrix BOT#6033 je připojen a připraven!
[2026-01-02 10:17:03] [    INFO] __main__: Owners: {1351593857346834505, 903247584192241694}
[2026-01-02 10:17:03] [    INFO] __main__: Synchronizováno 30 slash příkazů
[2026-01-02 10:17:26] [    INFO] VeltrixAPP: === Veltrix APP spuštěn ===
[2026-01-02 10:17:27] [    INFO] database: Databáze inicializována
[2026-01-02 10:17:27] [    INFO] __main__: Načten cog: cogs.moderation
[2026-01-02 10:17:27] [    INFO] __main__: Načten cog: cogs.automod
[2026-01-02 10:17:27] [    INFO] __main__: Načten cog: cogs.tickets
[2026-01-02 10:17:27] [    INFO] __main__: Načten cog: cogs.mdt
[2026-01-02 10:17:27] [    INFO] __main__: Načten cog: cogs.utility
[2026-01-02 10:17:30] [    INFO] __main__: Veltrix BOT#6033 je připojen a připraven!
[2026-01-02 10:17:30] [    INFO] __main__: Owners: {1351593857346834505, 903247584192241694}
[2026-01-02 10:18:03] [   ERROR] discord.app_commands.tree: Ignoring exception in command 'ticket_panel'
Traceback (most recent call last):
  File "/var/data/python/lib/python3.13/site-packages/discord/app_commands/commands.py", line 858, in _do_call
    return await self._callback(self.binding, interaction, **params)  # type: ignore
           ^^^^^^^^^^^^^^^^^^^^^^^^^^^^^^^^^^^^^^^^^^^^^^^^^^^^^^^^^
  File "/home/popelka/Videos/veltrix-bot/Veltrix-Bot/cogs/tickets.py", line 327, in ticket_panel_complete
    view = TicketPanelView(self.bot)
           ^^^^^^^^^^^^^^^
NameError: name 'TicketPanelView' is not defined

The above exception was the direct cause of the following exception:

Traceback (most recent call last):
  File "/var/data/python/lib/python3.13/site-packages/discord/app_commands/tree.py", line 1297, in _call
    await command._invoke_with_namespace(interaction, namespace)
  File "/var/data/python/lib/python3.13/site-packages/discord/app_commands/commands.py", line 884, in _invoke_with_namespace
    return await self._do_call(interaction, transformed_values)
           ^^^^^^^^^^^^^^^^^^^^^^^^^^^^^^^^^^^^^^^^^^^^^^^^^^^^
  File "/var/data/python/lib/python3.13/site-packages/discord/app_commands/commands.py", line 877, in _do_call
    raise CommandInvokeError(self, e) from e
discord.app_commands.errors.CommandInvokeError: Command 'ticket_panel' raised an exception: NameError: name 'TicketPanelView' is not defined
[2026-01-02 10:18:03] [    INFO] __main__: Synchronizováno 35 slash příkazů
[2026-01-02 10:18:13] [   ERROR] discord.app_commands.tree: Ignoring exception in command 'ticket_panel'
Traceback (most recent call last):
  File "/var/data/python/lib/python3.13/site-packages/discord/app_commands/commands.py", line 858, in _do_call
    return await self._callback(self.binding, interaction, **params)  # type: ignore
           ^^^^^^^^^^^^^^^^^^^^^^^^^^^^^^^^^^^^^^^^^^^^^^^^^^^^^^^^^
  File "/home/popelka/Videos/veltrix-bot/Veltrix-Bot/cogs/tickets.py", line 327, in ticket_panel_complete
    view = TicketPanelView(self.bot)
           ^^^^^^^^^^^^^^^
NameError: name 'TicketPanelView' is not defined

The above exception was the direct cause of the following exception:

Traceback (most recent call last):
  File "/var/data/python/lib/python3.13/site-packages/discord/app_commands/tree.py", line 1297, in _call
    await command._invoke_with_namespace(interaction, namespace)
  File "/var/data/python/lib/python3.13/site-packages/discord/app_commands/commands.py", line 884, in _invoke_with_namespace
    return await self._do_call(interaction, transformed_values)
           ^^^^^^^^^^^^^^^^^^^^^^^^^^^^^^^^^^^^^^^^^^^^^^^^^^^^
  File "/var/data/python/lib/python3.13/site-packages/discord/app_commands/commands.py", line 877, in _do_call
    raise CommandInvokeError(self, e) from e
discord.app_commands.errors.CommandInvokeError: Command 'ticket_panel' raised an exception: NameError: name 'TicketPanelView' is not defined
[2026-01-02 10:31:05] [    INFO] VeltrixAPP: === Veltrix APP spuštěn ===
[2026-01-02 10:31:06] [    INFO] database: Databáze inicializována
[2026-01-02 10:31:06] [    INFO] __main__: Načten cog: cogs.moderation
[2026-01-02 10:31:06] [    INFO] __main__: Načten cog: cogs.automod
[2026-01-02 10:31:06] [    INFO] __main__: Načten cog: cogs.tickets
[2026-01-02 10:31:06] [   ERROR] __main__: Chyba při načítání cog cogs.mdt: Extension 'cogs.mdt' raised an error: ModuleNotFoundError: No module named 'pytz'
[2026-01-02 10:31:06] [    INFO] __main__: Načten cog: cogs.utility
[2026-01-02 10:31:08] [    INFO] __main__: Veltrix BOT#6033 je připojen a připraven!
[2026-01-02 10:31:08] [    INFO] __main__: Owners: {1351593857346834505, 903247584192241694}
[2026-01-02 10:31:09] [    INFO] __main__: Synchronizováno 28 slash příkazů
[2026-01-02 10:31:35] [    INFO] VeltrixAPP: === Veltrix APP spuštěn ===
[2026-01-02 10:31:36] [    INFO] database: Databáze inicializována
[2026-01-02 10:31:36] [    INFO] __main__: Načten cog: cogs.moderation
[2026-01-02 10:31:36] [    INFO] __main__: Načten cog: cogs.automod
[2026-01-02 10:31:36] [    INFO] __main__: Načten cog: cogs.tickets
[2026-01-02 10:31:36] [    INFO] __main__: Načten cog: cogs.mdt
[2026-01-02 10:31:36] [    INFO] __main__: Načten cog: cogs.utility
[2026-01-02 10:31:39] [    INFO] __main__: Veltrix BOT#6033 je připojen a připraven!
[2026-01-02 10:31:39] [    INFO] __main__: Owners: {1351593857346834505, 903247584192241694}
[2026-01-02 10:31:39] [    INFO] __main__: Synchronizováno 30 slash příkazů
[2026-01-02 10:11:53] [    INFO] VeltrixAPP: === Veltrix APP spuštěn ===
[2026-01-02 10:11:53] [ WARNING] discord.client: PyNaCl is not installed, voice will NOT be supported
[2026-01-02 10:11:53] [   ERROR] __main__: DISCORD_TOKEN nebyl nalezen v environment proměnných!
